// Jest Snapshot v1, https://goo.gl/fbAQLP

exports[`sortBatchRequests CRUD operations 1`] = `
Object {
  "batchReadWriteResponses": Array [
    Object {
      "id": "write",
      "lastModified": "2022-03-21T07:57:25.375Z",
      "operation": "create",
      "resource": Object {
        "active": true,
        "birthDate": "1974-12-25",
        "gender": "male",
        "id": "write",
        "resourceType": "Patient",
      },
      "resourceType": "Patient",
      "vid": "1",
    },
    Object {
      "id": "read",
      "lastModified": "",
      "operation": "read",
      "resource": Object {
        "id": "read",
        "meta": Object {
          "lastUpdated": "2022-03-10T05:12:51.543Z",
          "versionId": 1,
        },
        "resourceType": "Patient",
      },
      "resourceType": "Patient",
      "vid": "1",
    },
    Object {
      "id": "read",
      "lastModified": "2022-03-21T07:57:25.375Z",
      "operation": "delete",
      "resource": Object {},
      "resourceType": "Patient",
      "vid": "1",
    },
    Object {
      "id": "read",
      "lastModified": "2022-03-21T07:57:25.375Z",
      "operation": "update",
      "resource": Object {
        "active": true,
        "birthDate": "1974-12-25",
        "gender": "male",
        "id": "read",
        "resourceType": "Patient",
        "vid": 1,
      },
      "resourceType": "Patient",
      "vid": "2",
    },
  ],
  "createRequests": Array [
    Object {
      "PutRequest": Object {
        "Item": Object {
          "_references": Object {
            "L": Array [],
          },
          "active": Object {
            "BOOL": true,
          },
          "birthDate": Object {
            "S": "1974-12-25",
          },
          "documentStatus": Object {
            "S": "AVAILABLE",
          },
          "gender": Object {
            "S": "male",
          },
          "id": Object {
            "S": "write",
          },
          "lockEndTs": Object {
            "N": "1647849445375",
          },
          "meta": Object {
            "M": Object {
              "lastUpdated": Object {
                "S": "2022-03-21T07:57:25.375Z",
              },
              "versionId": Object {
                "S": "1",
              },
            },
          },
          "resourceType": Object {
            "S": "Patient",
          },
          "vid": Object {
            "N": "1",
          },
        },
      },
    },
  ],
  "deleteRequests": Array [
    Object {
      "Statement": "
                            UPDATE \\"\\"
                            SET \\"documentStatus\\" = 'DELETED'
                            WHERE \\"id\\" = 'read' AND \\"vid\\" = 1
                        ",
    },
  ],
  "updateRequests": Array [
    Array [
      Object {
        "PutRequest": Object {
          "Item": Object {
            "_references": Object {
              "L": Array [],
            },
            "active": Object {
              "BOOL": true,
            },
            "birthDate": Object {
              "S": "1974-12-25",
            },
            "documentStatus": Object {
              "S": "AVAILABLE",
            },
            "gender": Object {
              "S": "male",
            },
            "id": Object {
              "S": "read",
            },
            "lockEndTs": Object {
              "N": "1647849445375",
            },
            "meta": Object {
              "M": Object {
                "lastUpdated": Object {
                  "S": "2022-03-21T07:57:25.375Z",
                },
                "versionId": Object {
                  "S": "2",
                },
              },
            },
            "resourceType": Object {
              "S": "Patient",
            },
            "vid": Object {
              "N": "2",
            },
          },
        },
      },
      Object {
        "Statement": "
                                UPDATE \\"\\"
                                SET \\"documentStatus\\" = 'DELETED'
                                WHERE \\"id\\" = 'read' AND \\"vid\\" = 1
                            ",
      },
    ],
  ],
}
`;
